// Vitest Snapshot v1, https://vitest.dev/guide/snapshot.html

exports[`NotFound Component > matches snapshot 1`] = `
<DocumentFragment>
  <div
    class="not-found-page"
  >
    <h1>
      404
    </h1>
    <h2>
      Page Not Found
    </h2>
    <p>
      The page you are looking for doesn't exist or has been moved.
    </p>
    <a
      class="home-page-link"
      data-discover="true"
      href="/"
    >
      Go to Product Listing
    </a>
  </div>
</DocumentFragment>
`;
